[2026-07-15 17:14:00] window found: id=2136, title=淘宝闪购 l 饿了么外卖美食超市
[2026-07-15 17:14:01] screenshot saved: /var/folders/l5/4h_jzxtx4kg62l_fhlr4fsyc0000gn/T/tmp_bw548z4/window.png, size=1106530
[2026-07-15 17:14:02] ocr length=621
[2026-07-15 17:14:02] extracted: status='已送达', eta='', distance=''
[2026-07-15 17:14:02] cache updated
[2026-07-15 17:14:10] window found: id=2136, title=淘宝闪购 l 饿了么外卖美食超市
[2026-07-15 17:14:10] screenshot saved: /var/folders/l5/4h_jzxtx4kg62l_fhlr4fsyc0000gn/T/tmp1c_7ssn7/window.png, size=1106362
[2026-07-15 17:14:11] ocr length=621
[2026-07-15 17:14:11] extracted: status='已送达', eta='', distance=''
[2026-07-15 17:14:11] cache updated
[2026-07-15 17:14:12] window found: id=2136, title=淘宝闪购 l 饿了么外卖美食超市
[2026-07-15 17:14:12] screenshot saved: /var/folders/l5/4h_jzxtx4kg62l_fhlr4fsyc0000gn/T/tmple3u4u92/window.png, size=1106362
[2026-07-15 17:14:13] ocr length=621
[2026-07-15 17:14:13] extracted: status='已送达', eta='', distance=''
[2026-07-15 17:14:13] cache updated
[2026-07-15 17:15:14] window found: id=2136, title=淘宝闪购 l 饿了么外卖美食超市
[2026-07-15 17:15:14] screenshot saved: /var/folders/l5/4h_jzxtx4kg62l_fhlr4fsyc0000gn/T/tmpiycsajd6/window.png, size=258860
[2026-07-15 17:15:15] ocr length=420
[2026-07-15 17:15:15] extracted: status='已送达', eta='', distance=''
[2026-07-15 17:15:15] cache updated
